// Vitest Snapshot v1

exports[`formatTime > should throw error if max is less than 0 1`] = `"\`max\` must be greater than or equal to 0"`;

exports[`formatTime > should throw error if max is less than value 1`] = `"\`max\` must be greater than or equal to \`time\`"`;

exports[`formatTime > should throw error if value is less than 0 1`] = `"\`time\` must be greater than or equal to 0"`;
